[TEST-MIGRATION] Logging in...
[DB-SUCCESS] SQLite Connected at 2026-02-23T13:51:05.656Z
[TEST-MIGRATION] Login successful.
[TEST-MIGRATION] Starting consultation...
[TEST-MIGRATION] Consultation created: 038acc3b-f0d9-48d0-b971-6ad393d94c4f
[TEST-MIGRATION] DB Consultation status: in_progress
[TEST-MIGRATION] Logging in as doctor...
[TEST-MIGRATION] Saving prescription...
node : [TEST-MIGRATIO
N-ERROR] { error: 
'Failed to save 
prescription' }
At line:1 char:1
+ node src/test_migra
tion.js > 
test_output.txt 2>&1 
; cat test_output.t 
...
+ ~~~~~~~~~~~~~~~~~~~
~~~~~~~~~~~~~~~~~~~~~
~~~~~~~~~
    + CategoryInfo   
           : NotSpe  
  cified: ([TEST-M   
 IGRATION...presc    
ription' }:Strin    
g) [], RemoteExc    
eption
    + FullyQualified 
   ErrorId : Native  
  CommandError
 
